[demoxml.com/html/furnhome/index04b9.html]
[backblue.gif]
[fade.gif]
[index.html]
[demoxml.com/html/furnhome/images/favicon.ico]
[demoxml.com/html/furnhome/images/apple-touch-icon-114x114-precomposed.png]
[demoxml.com/html/furnhome/images/apple-touch-icon-72x72-precomposed.png]
[demoxml.com/html/furnhome/images/apple-touch-icon-57x57-precomposed.png]
[demoxml.com/html/furnhome/style.css]
[demoxml.com/html/furnhome/index.html]
[demoxml.com/html/furnhome/images/logo-1.png]
[demoxml.com/html/furnhome/images/product-wishlist-1.jpg]
[demoxml.com/html/furnhome/images/product-wishlist-2.jpg]
[demoxml.com/html/furnhome/index-2.html]
[demoxml.com/html/furnhome/shop.html]
[demoxml.com/html/furnhome/shop-1.html]
[demoxml.com/html/furnhome/shop-2.html]
[demoxml.com/html/furnhome/product-detail.html]
[demoxml.com/html/furnhome/cart.html]
[demoxml.com/html/furnhome/checkout.html]
[demoxml.com/html/furnhome/blog.html]
[demoxml.com/html/furnhome/blog-post.html]
[demoxml.com/html/furnhome/contact-us.html]
[demoxml.com/html/furnhome/images/slider-1.png]
[demoxml.com/html/furnhome/images/slider-2.png]
[demoxml.com/html/furnhome/images/slider-3.png]
[demoxml.com/html/furnhome/images/ad-banner-4.png]
[demoxml.com/html/furnhome/images/ad-banner-5.png]
[demoxml.com/html/furnhome/images/ad-banner-6.png]
[demoxml.com/html/furnhome/images/ad-banner-7.png]
[demoxml.com/html/furnhome/images/ad-banner-bg.jpg]
[demoxml.com/html/furnhome/images/product-6.jpg]
[demoxml.com/html/furnhome/images/product-9.jpg]
[demoxml.com/html/furnhome/images/product-10.jpg]
[demoxml.com/html/furnhome/images/product-13.jpg]
[demoxml.com/html/furnhome/images/product-1.jpg]
[demoxml.com/html/furnhome/images/product-2.jpg]
[demoxml.com/html/furnhome/images/product-3.jpg]
[demoxml.com/html/furnhome/images/product-4.jpg]
[demoxml.com/html/furnhome/images/thumb-1.jpg]
[demoxml.com/html/furnhome/images/large-thumb.png]
[demoxml.com/html/furnhome/images/thumb-2.jpg]
[demoxml.com/html/furnhome/images/thumb-3.jpg]
[demoxml.com/html/furnhome/images/thumb-4.jpg]
[demoxml.com/html/furnhome/images/client-1.png]
[demoxml.com/html/furnhome/images/client-2.png]
[demoxml.com/html/furnhome/images/client-3.png]
[demoxml.com/html/furnhome/images/client-4.png]
[demoxml.com/html/furnhome/images/client-5.png]
[demoxml.com/html/furnhome/images/client-6.png]
[demoxml.com/html/furnhome/images/latest-blog-1.jpg]
[demoxml.com/html/furnhome/images/latest-blog-2.jpg]
[demoxml.com/html/furnhome/images/latest-blog-3.jpg]
[demoxml.com/html/furnhome/images/testi-1.jpg]
[demoxml.com/html/furnhome/images/testi-2.jpg]
[demoxml.com/html/furnhome/images/testi-3.jpg]
[demoxml.com/html/furnhome/images/insta-1.jpg]
[demoxml.com/html/furnhome/images/insta-2.jpg]
[demoxml.com/html/furnhome/images/insta-3.jpg]
[demoxml.com/html/furnhome/images/insta-4.jpg]
[demoxml.com/html/furnhome/images/insta-5.jpg]
[demoxml.com/html/furnhome/images/insta-6.jpg]
[demoxml.com/html/furnhome/js/jquery.min.js]
[demoxml.com/html/furnhome/libraries/jquery.countdown.min.js]
[demoxml.com/html/furnhome/libraries/lightslider-master/lightslider.js]
[demoxml.com/html/furnhome/libraries/lib.js]
[demoxml.com/html/furnhome/libraries/slick/slick.min.js]
[demoxml.com/html/furnhome/js/functions.js]
[demoxml.com/html/furnhome/index04b9.html]
[demoxml.com/html/furnhome/images/apple-touch-icon-72x72-precomposed.html]
[demoxml.com/html/furnhome/libraries/lib.css]
[demoxml.com/html/furnhome/libraries/lightslider-master/lightslider.css]
[demoxml.com/html/furnhome/libraries/slick/slick-theme.css]
[demoxml.com/html/furnhome/libraries/slick/slick.css]
[demoxml.com/html/furnhome/css/plugins.css]
[demoxml.com/html/furnhome/libraries/Stroke-Gap-Icon/stroke-gap-icon.css]
[demoxml.com/html/furnhome/css/navigation-menu.css]
[demoxml.com/html/furnhome/css/woocommerce.css]
[demoxml.com/html/furnhome/css/shortcode.css]
[demoxml.com/html/furnhome/fonts/lato-medium-webfont.woff2]
[demoxml.com/html/furnhome/fonts/lato-medium-webfont.woff]
[demoxml.com/html/furnhome/fonts/lato-semibold-webfont.woff2]
[demoxml.com/html/furnhome/fonts/lato-semibold-webfont.woff]
[demoxml.com/html/furnhome/images/contact-banner.jpg]
[demoxml.com/html/furnhome/images/blog-banner.jpg]
[demoxml.com/html/furnhome/images/blogpost-banner.jpg]
[demoxml.com/html/furnhome/images/shop-banner-1.jpg]
[demoxml.com/html/furnhome/images/shop-banner.jpg]
[demoxml.com/html/furnhome/images/product-banner.jpg]
[demoxml.com/html/furnhome/images/cart-banner.jpg]
[demoxml.com/html/furnhome/images/checkout-banner.jpg]
[demoxml.com/html/furnhome/style.css]
[demoxml.com/html/furnhome/index.html]
[demoxml.com/html/furnhome/images/slider-4.png]
[demoxml.com/html/furnhome/images/slider-5.png]
[demoxml.com/html/furnhome/images/slider-6.png]
[demoxml.com/html/furnhome/images/ad-banner-1.png]
[demoxml.com/html/furnhome/images/ad-banner-2.png]
[demoxml.com/html/furnhome/images/ad-banner-3.png]
[demoxml.com/html/furnhome/images/product-5.jpg]
[demoxml.com/html/furnhome/images/product-7.jpg]
[demoxml.com/html/furnhome/images/product-8.jpg]
[demoxml.com/html/furnhome/images/selling-1.jpg]
[demoxml.com/html/furnhome/images/selling-2.jpg]
[demoxml.com/html/furnhome/images/selling-3.jpg]
[demoxml.com/html/furnhome/images/selling-4.jpg]
[demoxml.com/html/furnhome/images/selling-5.jpg]
[demoxml.com/html/furnhome/images/selling-6.jpg]
[demoxml.com/html/furnhome/images/selling-7.jpg]
[demoxml.com/html/furnhome/images/selling-8.jpg]
[demoxml.com/html/furnhome/images/selling-9.jpg]
[demoxml.com/html/furnhome/index-2.html]
[demoxml.com/html/furnhome/shop.html]
[demoxml.com/html/furnhome/images/latest-product-1.jpg]
[demoxml.com/html/furnhome/images/latest-product-2.jpg]
[demoxml.com/html/furnhome/images/latest-product-3.jpg]
[demoxml.com/html/furnhome/images/product-11.jpg]
[demoxml.com/html/furnhome/images/product-12.jpg]
[demoxml.com/html/furnhome/images/product-14.jpg]
[demoxml.com/html/furnhome/shop-1.html]
[demoxml.com/html/furnhome/images/product-15.jpg]
[demoxml.com/html/furnhome/images/product-16.jpg]
[demoxml.com/html/furnhome/shop-2.html]
[demoxml.com/html/furnhome/images/product-detail-1.jpg]
[demoxml.com/html/furnhome/images/product-detail-2.png]
[demoxml.com/html/furnhome/images/product-detail-3.png]
[demoxml.com/html/furnhome/images/product-detail-4.png]
[demoxml.com/html/furnhome/images/product-detail-5.png]
[demoxml.com/html/furnhome/images/product-detail-6.png]
[demoxml.com/html/furnhome/product-detail.html]
[demoxml.com/html/furnhome/images/cart-1.png]
[demoxml.com/html/furnhome/images/close.png]
[demoxml.com/html/furnhome/images/cart-2.png]
[demoxml.com/html/furnhome/images/cart-3.png]
[demoxml.com/html/furnhome/cart.html]
[demoxml.com/html/furnhome/checkout.html]
[demoxml.com/html/furnhome/images/blog-1.jpg]
[demoxml.com/html/furnhome/images/blog-2.jpg]
[demoxml.com/html/furnhome/images/blog-3.jpg]
[demoxml.com/html/furnhome/images/blog-4.jpg]
[demoxml.com/html/furnhome/images/blog-5.jpg]
[demoxml.com/html/furnhome/images/latest-post-1.jpg]
[demoxml.com/html/furnhome/images/latest-post-2.jpg]
[demoxml.com/html/furnhome/images/latest-post-3.jpg]
[demoxml.com/html/furnhome/blog.html]
[demoxml.com/html/furnhome/images/author.jpg]
[demoxml.com/html/furnhome/images/avtar-1.jpg]
[demoxml.com/html/furnhome/images/avtar-2.jpg]
[demoxml.com/html/furnhome/images/avtar-3.jpg]
[demoxml.com/html/furnhome/blog-post.html]
[demoxml.com/html/furnhome/contact-us.html]
[demoxml.com/html/furnhome/libraries/fonts/glyphicons-halflings-regular.eot]
[demoxml.com/html/furnhome/libraries/fonts/glyphicons-halflings-regulard41d.eot]
[demoxml.com/html/furnhome/libraries/fonts/glyphicons-halflings-regular.woff2]
[demoxml.com/html/furnhome/libraries/fonts/glyphicons-halflings-regular.woff]
[demoxml.com/html/furnhome/libraries/fonts/glyphicons-halflings-regular.ttf]
[demoxml.com/html/furnhome/libraries/fonts/glyphicons-halflings-regular.svg]
[demoxml.com/html/furnhome/libraries/fonts/fontawesome-webfont3295.eot]
[demoxml.com/html/furnhome/libraries/fonts/fontawesome-webfontd41d.eot]
[demoxml.com/html/furnhome/libraries/fonts/fontawesome-webfont3295.woff2]
[demoxml.com/html/furnhome/libraries/fonts/fontawesome-webfont3295.woff]
[demoxml.com/html/furnhome/libraries/fonts/fontawesome-webfont3295.ttf]
[demoxml.com/html/furnhome/libraries/fonts/fontawesome-webfont3295.svg]
[demoxml.com/html/furnhome/libraries/fonts/ElegantIcons.eot]
[demoxml.com/html/furnhome/libraries/fonts/ElegantIconsd41d.eot]
[demoxml.com/html/furnhome/libraries/fonts/ElegantIcons.woff]
[demoxml.com/html/furnhome/libraries/fonts/ElegantIcons.ttf]
[demoxml.com/html/furnhome/libraries/fonts/ElegantIcons.svg]
[demoxml.com/html/furnhome/libraries/owl.video.play.png]
[demoxml.com/html/furnhome/libraries/fonts/flexslider-icon.eot]
[demoxml.com/html/furnhome/libraries/fonts/flexslider-icond41d.eot]
[demoxml.com/html/furnhome/libraries/fonts/flexslider-icon.woff]
[demoxml.com/html/furnhome/libraries/fonts/flexslider-icon.ttf]
[demoxml.com/html/furnhome/libraries/fonts/flexslider-icon.svg]
[demoxml.com/html/furnhome/libraries/images/ui-bg_glass_100_fdf5ce_1x400.png]
[demoxml.com/html/furnhome/libraries/images/ui-bg_glass_65_ffffff_1x400.png]
[demoxml.com/html/furnhome/libraries/images/ui-bg_highlight-soft_75_ffe45c_1x100.png]
[demoxml.com/html/furnhome/libraries/images/ui-bg_diagonals-thick_18_b81900_40x40.png]
[demoxml.com/html/furnhome/libraries/images/ui-icons_222222_256x240.png]
[demoxml.com/html/furnhome/libraries/images/ui-icons_ffffff_256x240.png]
[demoxml.com/html/furnhome/libraries/images/ui-icons_ef8c08_256x240.png]
[demoxml.com/html/furnhome/libraries/images/ui-icons_228ef1_256x240.png]
[demoxml.com/html/furnhome/libraries/images/ui-icons_ffd27a_256x240.png]
[demoxml.com/html/furnhome/libraries/images/ui-bg_diagonals-thick_20_666666_40x40.png]
[demoxml.com/html/furnhome/libraries/images/ui-bg_flat_10_000000_40x100.png]
[demoxml.com/html/furnhome/libraries/lib.css]
[demoxml.com/html/furnhome/libraries/lightslider-master/controls.png]
[demoxml.com/html/furnhome/libraries/lightslider-master/lightslider.css]
[demoxml.com/html/furnhome/libraries/slick/ajax-loader.gif]
[demoxml.com/html/furnhome/libraries/slick/fonts/slick.eot]
[demoxml.com/html/furnhome/libraries/slick/fonts/slickd41d.eot]
[demoxml.com/html/furnhome/libraries/slick/fonts/slick.woff]
[demoxml.com/html/furnhome/libraries/slick/fonts/slick.ttf]
[demoxml.com/html/furnhome/libraries/slick/fonts/slick.svg]
[demoxml.com/html/furnhome/libraries/slick/slick-theme.css]
[demoxml.com/html/furnhome/libraries/slick/slick.css]
[demoxml.com/html/furnhome/libraries/Stroke-Gap-Icon/Stroke-Gap-Icons.eot]
[demoxml.com/html/furnhome/libraries/Stroke-Gap-Icon/stroke-gap-icon.css]
[demoxml.com/html/furnhome/css/plugins.css]
[demoxml.com/html/furnhome/css/navigation-menu.css]
[demoxml.com/html/furnhome/fonts/star.eot]
[demoxml.com/html/furnhome/fonts/stard41d.eot]
[demoxml.com/html/furnhome/fonts/star.woff]
[demoxml.com/html/furnhome/fonts/star.ttf]
[demoxml.com/html/furnhome/fonts/star.svg]
[demoxml.com/html/furnhome/fonts/WooCommerce.eot]
[demoxml.com/html/furnhome/fonts/WooCommerced41d.eot]
[demoxml.com/html/furnhome/fonts/WooCommerce.woff]
[demoxml.com/html/furnhome/fonts/WooCommerce.ttf]
[demoxml.com/html/furnhome/fonts/WooCommerce.svg]
[demoxml.com/html/furnhome/images/price-filter.png]
[demoxml.com/html/furnhome/css/woocommerce.css]
[demoxml.com/html/furnhome/images/saleup-bg.jpg]
[demoxml.com/html/furnhome/images/subscribe-bg.jpg]
[demoxml.com/html/furnhome/images/gradient-image.png]
[demoxml.com/html/furnhome/images/blog-gradient-image.png]
[demoxml.com/html/furnhome/images/subscribe-bg-1.jpg]
[demoxml.com/html/furnhome/css/shortcode.css]
[demoxml.com/html/furnhome/libraries/fonts/glyphicons-halflings-regular.svg]
[demoxml.com/html/furnhome/libraries/fonts/fontawesome-webfont3295.svg]
[demoxml.com/html/furnhome/libraries/fonts/ElegantIcons.svg]
[demoxml.com/html/furnhome/libraries/owl.video.play.html]
[demoxml.com/html/furnhome/libraries/fonts/flexslider-icon.svg]
[demoxml.com/html/furnhome/libraries/images/ui-bg_glass_100_fdf5ce_1x400.html]
[demoxml.com/html/furnhome/libraries/images/ui-bg_glass_65_ffffff_1x400.html]
[demoxml.com/html/furnhome/libraries/images/ui-bg_highlight-soft_75_ffe45c_1x100.html]
[demoxml.com/html/furnhome/libraries/images/ui-bg_diagonals-thick_18_b81900_40x40.html]
[demoxml.com/html/furnhome/libraries/images/ui-icons_222222_256x240.html]
[demoxml.com/html/furnhome/libraries/images/ui-icons_ffffff_256x240.html]
[demoxml.com/html/furnhome/libraries/images/ui-icons_ef8c08_256x240.html]
[demoxml.com/html/furnhome/libraries/images/ui-icons_228ef1_256x240.html]
[demoxml.com/html/furnhome/libraries/images/ui-icons_ffd27a_256x240.html]
[demoxml.com/html/furnhome/libraries/images/ui-bg_diagonals-thick_20_666666_40x40.html]
[demoxml.com/html/furnhome/libraries/images/ui-bg_flat_10_000000_40x100.html]
[demoxml.com/html/furnhome/libraries/slick/fonts/slick.svg]
[demoxml.com/html/furnhome/fonts/star.svg]
[demoxml.com/html/furnhome/fonts/WooCommerce.svg]
